
> frontend@0.1.0 build
> next build

Γû▓ Next.js 16.1.6 (Turbopack)
- Environments: .env.local

  Creating an optimized production build ...
Γ£ô Compiled successfully in 1975.4ms
  Running TypeScript ...
npm : Failed to 
compile.
At line:1 char:1
+ npm run build > 
build_output.txt 2>&1
+ ~~~~~~~~~~~~~~~~~~~~~
~~~~~~~~~~~~~~~~
    + CategoryInfo     
         : NotSpecifi  
  ed: (Failed to com   
 pile.:String) [],     
RemoteException
    + FullyQualifiedEr 
   rorId : NativeComm  
  andError
 

./src/services/auth.ts:
6:36
Type error: Parameter 
'userData' implicitly 
has an 'any' type.

[0m [90m 4 |[39m
 [90m 5 |[39m 
[90m// --- 
Authentication ---[39m
[31m[1m>[22m[39m[9
0m 6 |[39m 
[36mexport[39m 
[36mconst[39m 
registerUser 
[33m=[39m 
[36masync[39m 
(userData) 
[33m=>[39m {
 [90m   |[39m        
                       
     
[31m[1m^[22m[39m
 [90m 7 |[39m   
[36mtry[39m {
 [90m 8 |[39m     
[36mconst[39m 
response [33m=[39m 
[36mawait[39m axios[
33m.[39mpost([32m`${A
PI_URL}/auth/register/`
[39m[33m,[39m 
userData)[33m;[39m
 [90m 9 |[39m     
[36mreturn[39m respon
se[33m.[39mdata[33m;
[39m[0m
Next.js build worker 
exited with code: 1 
and signal: null
