Found 1 test(s).
py : Creating test 
database for alias 
'default'...
At line:1 char:1
+ py manage.py test > 
test_output.txt 2>&1
+ ~~~~~~~~~~~~~~~~~~~~~
~~~~~~~~~~~~~~~~~~~
    + CategoryInfo     
         : NotSpecifi  
  ed: (Creating test   
  d...as 'default'.    
..:String) [], Rem    
oteException
    + FullyQualifiedEr 
   rorId : NativeComm  
  andError
 

System check 
identified some issues:

WARNINGS:
matching.MatchRequest: 
(models.W042) 
Auto-created primary 
key used when not 
defining a primary key 
type, by default 'djang
o.db.models.AutoField'.
	HINT: Configure the 
DEFAULT_AUTO_FIELD 
setting or the Matching
Config.default_auto_fie
ld attribute to point 
to a subclass of 
AutoField, e.g. 'django
.db.models.BigAutoField
'.
trips.Trip: 
(models.W042) 
Auto-created primary 
key used when not 
defining a primary key 
type, by default 'djang
o.db.models.AutoField'.
	HINT: Configure the 
DEFAULT_AUTO_FIELD 
setting or the TripsCon
fig.default_auto_field 
attribute to point to 
a subclass of 
AutoField, e.g. 'django
.db.models.BigAutoField
'.
trips.TripParticipant: 
(models.W042) 
Auto-created primary 
key used when not 
defining a primary key 
type, by default 'djang
o.db.models.AutoField'.
	HINT: Configure the 
DEFAULT_AUTO_FIELD 
setting or the TripsCon
fig.default_auto_field 
attribute to point to 
a subclass of 
AutoField, e.g. 'django
.db.models.BigAutoField
'.
users.User: 
(models.W042) 
Auto-created primary 
key used when not 
defining a primary key 
type, by default 'djang
o.db.models.AutoField'.
	HINT: Configure the 
DEFAULT_AUTO_FIELD 
setting or the UsersCon
fig.default_auto_field 
attribute to point to 
a subclass of 
AutoField, e.g. 'django
.db.models.BigAutoField
'.

System check 
identified 4 issues (0 
silenced).
.
-----------------------
-----------------------
-----------------------
-
Ran 1 test in 0.230s

OK
Destroying test 
database for alias 
'default'...

